// Jest Snapshot v1, https://goo.gl/fbAQLP

exports[`Header renders correctly 1`] = `
<Base>
  <AddonBeam
    addonIcon="SecurityShield"
    addonName="Ship"
    appLink="http://link-to-my.app"
    appName="My SuperDuper App"
    backgroundColor="grape-4"
    color="white"
  >
    <Link
      as="/apps/test-app-slug-1/settings"
      href="/settings?appSlug=test-app-slug-1"
    >
      <AddonBeamLink
        Component="a"
        href=""
        icon="Settings"
      >
        Settings
      </AddonBeamLink>
    </Link>
  </AddonBeam>
  <div
    className="header"
  >
    My app
  </div>
</Base>
`;
