// Jest Snapshot v1, https://goo.gl/fbAQLP

exports[`PlatformSelector renders correctly 1`] = `
<Base
  className="PlatformSelector"
  paddingVertical="x5"
>
  <Buttons
    gap="x2"
    joined={true}
  >
    <Button
      level="light"
      onClick={[Function]}
      size="medium"
    >
      <Base
        paddingHorizontal="x2"
      >
        <Icon
          name="PlatformsApple"
          size="1.5rem"
        />
      </Base>
    </Button>
    <Button
      level="secondary"
      onClick={[Function]}
      size="medium"
    >
      <Base
        paddingHorizontal="x2"
      >
        <Icon
          name="PlatformsAndroid"
          size="1.5rem"
        />
      </Base>
    </Button>
  </Buttons>
</Base>
`;
