// Jest Snapshot v1, https://goo.gl/fbAQLP

exports[`Squircle renders without issues 1`] = `
<div>
  <svg
    height="0"
    style={
      Object {
        "display": "block",
      }
    }
    width="0"
  >
    <defs>
      <clipPath
        clipPathUnits="objectBoundingBox"
        id="squircle-0.02"
      >
        <path
          d="M .5,0
    C 0.02,0 0,0.02 0,.5
    0,0.98 0.02,1 .5,1
    0.98,1 1,0.98 1,.5
    1,0.02 0.98,0 .5,0
    Z"
        />
      </clipPath>
    </defs>
  </svg>
  <Image
    maxWidth="none"
    src="img.url"
    style={
      Object {
        "clipPath": "url(#squircle-0.02)",
        "objectFit": "covver",
      }
    }
  />
</div>
`;
