// Jest Snapshot v1, https://goo.gl/fbAQLP

exports[`Bitrise API service fetches test devices for an app 1`] = `
Array [
  Object {
    "deviceId": "some-device-id-01",
    "deviceType": "ios",
    "owner": "test-user-1",
  },
  Object {
    "deviceId": "some-device-id-02",
    "deviceType": "android",
    "owner": "test-user-1",
  },
  Object {
    "deviceId": "some-device-id-03",
    "deviceType": "ios",
    "owner": "test-user-2",
  },
]
`;

exports[`Bitrise API service getApp fetches a version for an app 1`] = `
Object {
  "appSlug": "such-a-nice-app",
}
`;
