// Jest Snapshot v1, https://goo.gl/fbAQLP

exports[`Breadcrumbs renders correctly 1`] = `
<div
  className="breadcrumbs"
>
  <div
    className="breadcrumbLinks"
  >
    <Link
      href="/"
      key="0"
    >
      <a
        className="link"
      >
        Dashboard
      </a>
    </Link>
    <Link
      href="/my-app/"
      key="1"
    >
      <a
        className="link"
      >
        My app
      </a>
    </Link>
  </div>
  <div
    className="nameWrapper"
  >
    <ReactSVG
      afterInjection={[Function]}
      beforeInjection={[Function]}
      className="iconUrl"
      evalScripts="never"
      fallback={null}
      loading={null}
      renumerateIRIElements={true}
      src="https://www.bitrise.io/assets/svg/logo-bitrise.svg"
      wrapper="div"
    />
    <h2
      className="name"
    >
      My app version 1.0
    </h2>
  </div>
</div>
`;
