// Jest Snapshot v1, https://goo.gl/fbAQLP

exports[`Breadcrumbs renders correctly 1`] = `
<div
  className="breadcrumbs"
>
  <div
    className="breadcrumbLinks"
  >
    <a
      className="link"
      href="/"
      key="0"
    >
      My app
    </a>
  </div>
  <div
    className="nameWrapper"
  >
    <ReactSVG
      afterInjection={[Function]}
      beforeInjection={[Function]}
      className="iconUrl"
      evalScripts="never"
      fallback={null}
      loading={null}
      renumerateIRIElements={true}
      src="https://www.bitrise.io/assets/svg/logo-bitrise.svg"
      wrapper="div"
    />
    <h2
      className="name"
    >
      My app version 1.0
    </h2>
  </div>
</div>
`;
