// Jest Snapshot v1, https://goo.gl/fbAQLP

exports[`NotificationSettings View AddNew renders correctly 1`] = `
<form
  className="container"
  onSubmit={[Function]}
>
  <InputLabel>
    Add New
  </InputLabel>
  <InputContainer>
    <InputContent>
      <Input
        onChange={[Function]}
        placeholder="Email address"
        type="email"
      />
    </InputContent>
    <Button
      disabled={true}
      level="secondary"
      size="medium"
    >
      Add
    </Button>
  </InputContainer>
</form>
`;
